[14:23:19] ===== stage=split_audit ts=20260725_142319 ctx=32768 attn=sdpa seed_default=42 =====
[14:23:23] env: datasets==5.0.0 | kvpress==0.5.4 | torch==2.13.0 | transformers==5.2.0 -> /vol/logs/env_split_audit_20260725_142319.txt
[14:23:25] split[en/niah_none]: marker#455ed472 'xt>\n\n<Question> What special magic numbers associated with "' question chars min/med/max = 288/290/294
[14:23:25] --- en/niah_none PASS
[14:23:25]     marker(repr, last 80): '\n</text>\n\n<Question> What special magic numbers associated with "'
[14:23:25]     example question (first 291 chars): '\n</text>\n\n<Question> What special magic numbers associated with "bridge" are mentioned in the provided text? Please list all that apply. If no such numbers exist, please answer "none".</Question>\n\n\nPlease provide your answer in the following format:\n <Answer> List all numbers here </Answer>'
[14:23:25]     example context tail (last 120): ', but the sharp-eyed demoiselles discovered that Mr. Davis was quite benignant in the afternoon, also unusually nervous.'
[14:23:26] split[pl/niah_none]: marker#bd43028a 'ytanie> Jakie specjalne magiczne liczby powiązane z hasłem „' question chars min/med/max = 338/341/345
[14:23:26] --- pl/niah_none PASS
[14:23:26]     marker(repr, last 80): '\n</tekst>\n\n<pytanie> Jakie specjalne magiczne liczby powiązane z hasłem „'
[14:23:26]     example question (first 339 chars): '\n</tekst>\n\n<pytanie> Jakie specjalne magiczne liczby powiązane z hasłem „most” są wspomniane w podanym tekście? Wymień wszystkie, które się pojawiają. Jeśli takie liczby nie istnieją, odpowiedz „brak”.</pytanie>\n\n\nPodaj swoją odpowiedź w następującej formie:\n <odpowiedź> Wszystkie prawidłowe liczby powinny się znaleźć tutaj. </odpowiedź>'
[14:23:26]     example context tail (last 120): 'dziła, by mu wszystko podano gorące i świeże. Czekała na niego, gdyż łaknęła jakiegoś udziału w toczących się wypadkach.'
[14:23:27] split[zh/niah_none]: marker#125de5eb '于和他讲话的女人，也时常留心听，然而伊又并不提起关于什么勾当的话来。哦，这也是女人可恶之一节：伊们全都要装“假正经”的。' question chars min/med/max = 1417/1418/1437
[14:23:27] --- zh/niah_none PASS
[14:23:27]     marker(repr, last 80): '女人，时常留心看，然而伊并不对他笑。他对于和他讲话的女人，也时常留心听，然而伊又并不提起关于什么勾当的话来。哦，这也是女人可恶之一节：伊们全都要装“假正经”的。'
[14:23:27]     example question (first 1417 chars): '。阿Q更得意，而且为满足那些赏鉴家起见，再用力的一拧，才放手。他这一战，早忘却了王胡，也忘却了假洋鬼子，似乎对于今天的一切“晦气”都报了仇；而且奇怪，又仿佛全身比拍拍的响了之后更轻松，飘飘然的似乎要飞去了。“这断子绝孙的阿Q！”远远地听得小尼姑的带哭的声音。“哈哈哈！”阿Q十分得意的笑。“哈哈哈！”酒店里的人也九分得意的笑。第四章 恋爱的悲剧 有人说：有些胜利者，愿意敌手如虎，如鹰，他才感得胜利的欢喜；假使如羊，如小鸡，他便反觉得胜利的无聊。又有些胜利者，当克服一切之后，看见死的死了，降的降了，“臣诚惶诚恐死罪死罪”，他于是没有了敌人，没有了对手，没有了朋友，只有自己在上，一个，孤另另，凄凉，寂寞，便反而感到了胜利的悲哀。然而我们的阿Q却没有这样乏，他是永远得意的：这或者也是中国精神文明冠于全球的一个证据了。看哪，他飘飘然的似乎要飞去了！ 然而这一次的胜利，却又使他有些异样。他飘飘然的飞了大半天，飘进土谷祠，照例应该躺下便打鼾。谁知道这一晚，他很不容易合眼，他觉得自己的大拇指和第二指有点古怪，仿佛比平常滑腻些，不知道是小尼姑的脸上有一点滑腻的东西粘在他指上，还是他的指头在小尼姑的脸上磨得滑腻了，…… “断子绝孙的阿Q！” 阿Q的耳朵里又听到这句话。他想：不错，应该有一个女人，断子绝孙便没有人供一碗饭，……应该有一个女人。夫“不孝有三无后为大”[26]，而“若敖之鬼馁而”[27]，也是一件人生的大哀，所以他那思想，其实是样样合于圣经贤传的，只可惜后来有些“不能收其放心”[28]了。“女人，女人！……”他想。“……和尚动得……女人，女人！……女人！”他又想。我们不能知道这晚上阿Q在什么时候才打鼾，但大约他从此总觉得指头有些滑腻，所以他从此总有些飘飘然；“女……”，他想。即此一端，我们便可以知道女人是害人的东西。中国的男人，本来大半都可以做圣贤，可惜全被女人毁掉了。商是妲己[29]闹亡的；周是褒姒弄坏的；秦……虽然史无明文，我们也假定他因为女人，大约未必十分错，而董卓可是的确给貂蝉害死了。阿Q本来也是正人，我们虽然不知道他曾蒙什么明师指授过，但他对于“男女之大防”[30]却历来非常严；也很有排斥异端——如小尼姑及假洋鬼子之类——的正气。他的学说是：凡尼姑，一定与和尚私通；一个女人在外面走，一定想引诱野男人；一男一女在那里讲话，一定要有勾当了。为惩治他们起见，所以他往往怒目而视，或者大声说几句“诛心”[31]话，或者在冷僻处，便从后面掷一块小石头。谁知道他将到“而立”[32]之年，竟被小尼姑害得飘飘然了，这飘飘然的精神，在礼教上是不应该有的，——所以女人真可恶。假使小尼姑的脸上不滑腻，阿Q便不至于被蛊，又假使小尼姑的脸上盖一层布，阿Q便也不至于被蛊了，——他五六年前，曾在戏台下的人丛中扭过一个女人的大腿，但因为隔一层裤，所以此后并不飘飘然，——而小尼姑并不然，这也足见异端之可恶。“女……”阿Q想。他对于以为“一定想引诱野男人”的女人，时常留心看，然而伊并不对他笑。他对于和他讲话的女人，也时常留心听，然而伊又并不提起关于什么勾当的话来。哦，这也是女人可恶之一节：伊们全都要装“假正经”的。\n</文本>\n\n<问题> 在所提供的文本中，与“桥”有关的魔法数字有哪些？请列举所有适用项。若这样的数字不存在，请回答“无”。</问题>\n\n\n请用以下格式提供你的答案：\n<答案> 在此处列出所有数字 </答案>'
[14:23:27]     example context tail (last 120): '着伊新剃的头皮，呆笑着，说： “秃儿！快回去，和尚等着你……” “你怎么动手动脚……”尼姑满脸通红的说，一面赶快走。酒店里的人大笑了。阿Q看见自己的勋业得了赏识，便愈加兴高采烈起来： “和尚动得，我动不得？”他扭住伊的面颊。酒店里的人大笑了'
[14:23:28] split[ja/niah_none]: marker#4cefaa9c 'んだから、そのつもりでいて下さい。適当の時機が来なくっちゃ話さないんだから」 私は下宿へ帰ってからも一種の圧迫を感じた。' question chars min/med/max = 1313/1314/1340
[14:23:28] --- ja/niah_none PASS
[14:23:28]     marker(repr, last 80): '知れませんよ。それから、――今は話せないんだから、そのつもりでいて下さい。適当の時機が来なくっちゃ話さないんだから」 私は下宿へ帰ってからも一種の圧迫を感じた。'
[14:23:28]     example question (first 1313 chars): '。私は思想上の問題について、大いなる利益を先生から受けた事を自白する。しかし同じ問題について、利益を受けようとしても、受けられない事が間々ままあったといわなければならない。先生の談話は時として不得要領ふとくようりょうに終った。その日二人の間に起った郊外の談話も、この不得要領の一例として私の胸の裏うちに残った。無遠慮な私は、ある時ついにそれを先生の前に打ち明けた。先生は笑っていた。私はこういった。「頭が鈍くて要領を得ないのは構いませんが、ちゃんと解わかってるくせに、はっきりいってくれないのは困ります」 「私は何にも隠してやしません」 「隠していらっしゃいます」 「あなたは私の思想とか意見とかいうものと、私の過去とを、ごちゃごちゃに考えているんじゃありませんか。私は貧弱な思想家ですけれども、自分の頭で纏まとめ上げた考えをむやみに人に隠しやしません。隠す必要がないんだから。けれども私の過去を悉ことごとくあなたの前に物語らなくてはならないとなると、それはまた別問題になります」 「別問題とは思われません。先生の過去が生み出した思想だから、私は重きを置くのです。二つのものを切り離したら、私にはほとんど価値のないものになります。私は魂の吹き込まれていない人形を与えられただけで、満足はできないのです」 先生はあきれたといった風ふうに、私の顔を見た。巻烟草まきタバコを持っていたその手が少し顫ふるえた。「あなたは大胆だ」「ただ真面目まじめなんです。真面目に人生から教訓を受けたいのです」 「私の過去を訐あばいてもですか」 訐くという言葉が、突然恐ろしい響ひびきをもって、私の耳を打った。私は今私の前に坐すわっているのが、一人の罪人ざいにんであって、不断から尊敬している先生でないような気がした。先生の顔は蒼あおかった。「あなたは本当に真面目なんですか」と先生が念を押した。「私は過去の因果いんがで、人を疑うたぐりつけている。だから実はあなたも疑っている。しかしどうもあなただけは疑りたくない。あなたは疑るにはあまりに単純すぎるようだ。私は死ぬ前にたった一人で好いいから、他ひとを信用して死にたいと思っている。あなたはそのたった一人になれますか。なってくれますか。あなたははらの底から真面目ですか」 「もし私の命が真面目なものなら、私の今いった事も真面目です」私の声は顫えた。「よろしい」と先生がいった。「話しましょう。私の過去を残らず、あなたに話して上げましょう。その代り……。いやそれは構わない。しかし私の過去はあなたに取ってそれほど有益でないかも知れませんよ。聞かない方が増ましかも知れませんよ。それから、――今は話せないんだから、そのつもりでいて下さい。適当の時機が来なくっちゃ話さないんだから」 私は下宿へ帰ってからも一種の圧迫を感じた。\n</テキスト>\n\n<質問> 上記のテキストの中で、「橋」に関連する特別な魔法の数字は何ですか？該当するものをすべて挙げてください。該当する数字はない場合、「なし」と答えてください。</質問>\n\n\n以下の形式で答えてください。\n<答え> すべて該当する数字をここに列挙 </答え>'
[14:23:28]     example context tail (last 120): '気楽かも知れない。精出して遊びたまえ」といった。私は笑って帽子を脱とった。その時私は先生の顔を見て、先生ははたして心のどこで、一般の人間を憎んでいるのだろうかと疑うたぐった。その眼、その口、どこにも厭世的えんせいてきの影は射さしていなかった'
[14:23:28] split[ko/niah_none]: marker#6f791aa1 '면 회집한 일동은 갑자기 희색이 나고 몸이 들먹거려 혹, " 어디까지 왔더냐? " " 저 고개턱까지 왔더냐?' question chars min/med/max = 1900/1901/1932
[14:23:28] --- ko/niah_none PASS
[14:23:28]     marker(repr, last 80): ' 너머 오더라는 소식을 전한다. 그러면 회집한 일동은 갑자기 희색이 나고 몸이 들먹거려 혹, " 어디까지 왔더냐? " " 저 고개턱까지 왔더냐?'
[14:23:28]     example question (first 1901 chars): '. 문호는 방에 들어가 이전 앉던 자리에 앉았다. 그러고 처녀들도 이전 모양으로 문호를 중심으로 하고 문호를 중심으로 하고 둘러앉는다. 그 어머니는 여전히 닭을 잡고 떡을 만들어 문호와 문해와 들러앉은 처녀들을 먹인다. 그러나 삼 년 전에 있던 즐거움은 영원히 스러지고말았다. 문호는 울고 싶었다. 그러나 삼 년 전과 같이 눈물이 흐르지 아니한다. 문호는 마주 앉은 문해의 까맣게 난 수염을 본다. 그러고 손으로 자기의 턱을 쓸며, " 문해야, 우리 턱에도 수염이 났구나. " 하며 턱 아래 한치나 자란 외대 수명을 툭툭 잡아채며 웃는다. 문해도 금석의 감을 금치 못하면서 코 아래 까맣게 난 수염을 만진다. 처녀들도 양인이 수염을 만지는 것을 보고 웃는다. 그러나 그네는 양인의 뜻을 모른다. 모친은 어린아이 둘을 안아다가 문호의 앞에 놓는다. 물끄러미 검은 양복입은 문호를 보더니 토실토실한 팔을 내어두르고 으아하고 울면서 모친의 무릎으로 기어간다. 모친은 두 아이를 안으면서, " 이 얘들이 벌써 세 살이 되었구나. " 한다. 문호는 하나는 자기의 아들이요, 하나는 문해의 아들인 줄은 아나, 어느 것이 자기의 아들인 줄을 몰라 우두커니 우는 아이들을 보고 앉았다가 자탄하는 모양으로, " 흥, 우리도 벌써 아버질세그려. 소년의 천국은 영원히 지나갔네그려. " 하고 웃으면서도 눈에 눈물이 고인다. 가만히 문호를 보고 앉았던 모친의 얼굴에도 전보다 주름이 많게 되었다. 문호는 정신 없는 듯이 모친만 보고 앉았다. 집 앞 버드나무에서는, " 꾀꼬리오 " 하는 소리가 들린다. 1 난수는 사랑스럽고 얌전하고 재조있는 처녀라. 그 종형 되는 문호는 여러 종매들을 다 사랑하는 중에도 특별히 난수를 사랑한다. 문호는 이제 십팔 세 되는 시골 어느 중등 정도 학생인 청년이나, 그는 아직 청년이라고 부르기를 싫어하고, 소년이라고 자칭한다. 그는 감정적이요, 다혈질인 재조있는 소년으로 학교 성적도 매양 일, 이호를 다투었다. 그는 아직 여자라는 것을 모르고 그가 교제하는 여자는 오직 종매들과 기타 사오 인 되는 족매들이다. 그는 천성이 여자를 사랑하는 마음이 있는지 부친보다도 모친께, 숙부보다도 숙모께, 형제보다도 자매께, 특별한 애정을 가진다. 그는 자기가 자유로 교제할 수 있는 모든 자매들을 다 사랑한다. 그 중에도 자기와 연치가 상적하거나 혹 자기보다, 이하되는 매들을 더욱 사랑하고 그중에서도 그 종매 중에 하나인 난수를 사랑한다. 문호는 뉘 집에 가서 오래 앉았지 못하는 성급한 버릇이 있건마는 자매들과 같이 앉았으면 세월가는 줄을 모른다. 그는 자매들에게 학교서들은 바, 또는 서적에서 읽은 바 재미있는 이야기를 하여 자매들을 웃기기를 좋아하고 자매들도 또한 문호를 왜 그런지 모르게 사랑한다. 그러므로 문호가 집에 온 줄을 알면 동중의 자매들이 다 회집하고, 혹은 문호가 간 집 자매가 일동을 청 하기도 한다. 토요일 오후나 일요일 오전에는 으레히 문호가 본촌에 돌아오고 본촌에 돌아오면 으레히 동중 자매들이 쓸어모인다. 혹 문호가 좀 오는 것이 늦으면 자매들은 모여 앉아서 하품을 하여 가며 문호의 오기를 기다리고, 혹 그 중에 어린 누이들- 가령 난수 같은 것은 앞고개에 나가서 망을 보다가 저편 버드나무 그늘로 검은 주의에 학생모를 잦혀 쓰고 활활 활개치며 오는 문호를보면 너무 기뻐서 돌에 발부리를 채며 뛰어 내려와 일동에게 문호가 저 고개 너머 오더라는 소식을 전한다. 그러면 회집한 일동은 갑자기 희색이 나고 몸이 들먹거려 혹, " 어디까지 왔더냐? " " 저 고개턱까지 왔더냐?\n</글>\n\n<질문> 주어진 글에서 언급된 "다리"에 대한 특별한 마법의 숫자들은 무엇인가요? 해당되는 모든 것을 나열하세요. 해당되는 숫자가 존재하지 않는다면 "없음"이라고 대답하세요. </질문>\n\n\n답변을 다음 형식으로 제공해주세요:\n <답변> 모든 숫자를 여기에 나열하세요. </답변>'
[14:23:28]     example context tail (last 120): '이 없고 대문 밖에는 웃고 맞아 주던 자매들이 보인다. 문호가 동경 갈 때에 십여 세 되던 자매들이 지금은 십이삼 세의 커다란 처녀가 되어 역시 반갑게 문호를 맞는다. 그러나 그 처녀들은 결코 문호의 친구가 아니리라'
[14:23:30] split[vi/niah_none]: marker#02a94e8f '<Câu hỏi> Những con số ma thuật đặc biệt nào liên quan đến "' question chars min/med/max = 327/332/334
[14:23:30] --- vi/niah_none PASS
[14:23:30]     marker(repr, last 80): '\n</Văn bản>\n\n<Câu hỏi> Những con số ma thuật đặc biệt nào liên quan đến "'
[14:23:30]     example question (first 328 chars): '\n</Văn bản>\n\n<Câu hỏi> Những con số ma thuật đặc biệt nào liên quan đến "cầu" được đề cập trong văn bản được cung cấp? Hãy liệt kê tất cả các phương án đúng. Nếu không có con số nào như vậy, hãy trả lời "Không có".</Câu hỏi>\n\n\nHãy cho câu trả lời theo hình thức như sau:\n <Câu trả lời> Liệt kê tất cả các số ở đây </Câu trả lời>'
[14:23:30]     example context tail (last 120): ' họ tinh quái nghịch ngợm lắm, anh ạ. Các cô cứ lấy những chăn màn gối đệm mới mà giễu cợt em; các cô lấy thế làm thích.'
[14:23:31] split[sw/niah_none]: marker#40832bee '<Swali> Ni nambari gani maalum za maajabu zinazohusiana na "' question chars min/med/max = 319/322/325
[14:23:31] --- sw/niah_none PASS
[14:23:31]     marker(repr, last 80): '\n</Maandishi>\n\n<Swali> Ni nambari gani maalum za maajabu zinazohusiana na "'
[14:23:31]     example question (first 322 chars): '\n</Maandishi>\n\n<Swali> Ni nambari gani maalum za maajabu zinazohusiana na "daraja" zilizotajwa katika maandishi yaliyotolewa? Tafadhali orodhesha yote yanayohusika. Ikiwa hakuna nambari kama hizo, tafadhali jibu "hakuna".</Swali>\n\n\nTafadhali toa jibu lako katika muundo ufuatao:\n <Jibu> Orodhesha nambari zote hapa </Jibu>'
[14:23:31]     example context tail (last 120): 'faida katika miaka mitano ilikuwa Shilingi 800/- kwa kitabu kilichofikia thamani ya Shilingi zaidi ya 61- katika maduka!'
[14:23:31] split-audit: PASS=['en', 'pl', 'zh', 'ja', 'ko', 'vi', 'sw'] FAIL=[]
[14:23:31] EYEBALL the printed question sections (they must contain the interrogative + queried key + answer-format tail) before sweeping.
