[15:18:26] ===== stage=split_audit ts=20260725_151826 ctx=32768 attn=sdpa seed_default=42 =====
[15:18:30] env: datasets==5.0.0 | kvpress==0.5.4 | torch==2.13.0 | transformers==5.2.0 -> /vol/logs/env_split_audit_20260725_151826.txt
[15:18:32] split[en/niah_none]: marker#893a79b9 'xt>\n\n<Question> What special magic numbers associated with "' question chars min/med/max = 287/289/293
[15:18:32] --- en/niah_none PASS
[15:18:32]     marker(repr, last 80): '</text>\n\n<Question> What special magic numbers associated with "'
[15:18:32]     example question (first 290 chars): '</text>\n\n<Question> What special magic numbers associated with "bridge" are mentioned in the provided text? Please list all that apply. If no such numbers exist, please answer "none".</Question>\n\n\nPlease provide your answer in the following format:\n <Answer> List all numbers here </Answer>'
[15:18:32]     example context tail (last 120): ' but the sharp-eyed demoiselles discovered that Mr. Davis was quite benignant in the afternoon, also unusually nervous.\n'
[15:18:34] split[pl/niah_none]: marker#3502917a 'ytanie> Jakie specjalne magiczne liczby powiązane z hasłem „' question chars min/med/max = 337/340/344
[15:18:34] --- pl/niah_none PASS
[15:18:34]     marker(repr, last 80): '</tekst>\n\n<pytanie> Jakie specjalne magiczne liczby powiązane z hasłem „'
[15:18:34]     example question (first 338 chars): '</tekst>\n\n<pytanie> Jakie specjalne magiczne liczby powiązane z hasłem „most” są wspomniane w podanym tekście? Wymień wszystkie, które się pojawiają. Jeśli takie liczby nie istnieją, odpowiedz „brak”.</pytanie>\n\n\nPodaj swoją odpowiedź w następującej formie:\n <odpowiedź> Wszystkie prawidłowe liczby powinny się znaleźć tutaj. </odpowiedź>'
[15:18:34]     example context tail (last 120): 'ziła, by mu wszystko podano gorące i świeże. Czekała na niego, gdyż łaknęła jakiegoś udziału w toczących się wypadkach.\n'
[15:18:34] --- zh/niah_none FAIL: derived marker is 200 chars (cap 200) and carries no haystack-closing tag to anchor on. Real template headers are 20-80 chars, so this is shared HAYSTACK prose, not template: the question region would absorb real document text that the qa arm never compresses. Inspect the printed marker with --stage split-audit; do NOT sweep.
[15:18:35] --- ja/niah_none FAIL: derived marker is 200 chars (cap 200) and carries no haystack-closing tag to anchor on. Real template headers are 20-80 chars, so this is shared HAYSTACK prose, not template: the question region would absorb real document text that the qa arm never compresses. Inspect the printed marker with --stage split-audit; do NOT sweep.
[15:18:36] --- ko/niah_none FAIL: derived marker is 200 chars (cap 200) and carries no haystack-closing tag to anchor on. Real template headers are 20-80 chars, so this is shared HAYSTACK prose, not template: the question region would absorb real document text that the qa arm never compresses. Inspect the printed marker with --stage split-audit; do NOT sweep.
[15:18:37] split[vi/niah_none]: marker#3ee0b36a '<Câu hỏi> Những con số ma thuật đặc biệt nào liên quan đến "' question chars min/med/max = 326/331/333
[15:18:37] --- vi/niah_none PASS
[15:18:37]     marker(repr, last 80): '</Văn bản>\n\n<Câu hỏi> Những con số ma thuật đặc biệt nào liên quan đến "'
[15:18:37]     example question (first 327 chars): '</Văn bản>\n\n<Câu hỏi> Những con số ma thuật đặc biệt nào liên quan đến "cầu" được đề cập trong văn bản được cung cấp? Hãy liệt kê tất cả các phương án đúng. Nếu không có con số nào như vậy, hãy trả lời "Không có".</Câu hỏi>\n\n\nHãy cho câu trả lời theo hình thức như sau:\n <Câu trả lời> Liệt kê tất cả các số ở đây </Câu trả lời>'
[15:18:37]     example context tail (last 120): 'họ tinh quái nghịch ngợm lắm, anh ạ. Các cô cứ lấy những chăn màn gối đệm mới mà giễu cợt em; các cô lấy thế làm thích.\n'
[15:18:39] split[sw/niah_none]: marker#70208f20 '<Swali> Ni nambari gani maalum za maajabu zinazohusiana na "' question chars min/med/max = 318/321/324
[15:18:39] --- sw/niah_none PASS
[15:18:39]     marker(repr, last 80): '</Maandishi>\n\n<Swali> Ni nambari gani maalum za maajabu zinazohusiana na "'
[15:18:39]     example question (first 321 chars): '</Maandishi>\n\n<Swali> Ni nambari gani maalum za maajabu zinazohusiana na "daraja" zilizotajwa katika maandishi yaliyotolewa? Tafadhali orodhesha yote yanayohusika. Ikiwa hakuna nambari kama hizo, tafadhali jibu "hakuna".</Swali>\n\n\nTafadhali toa jibu lako katika muundo ufuatao:\n <Jibu> Orodhesha nambari zote hapa </Jibu>'
[15:18:39]     example context tail (last 120): 'aida katika miaka mitano ilikuwa Shilingi 800/- kwa kitabu kilichofikia thamani ya Shilingi zaidi ya 61- katika maduka!\n'
[15:18:39] split-audit: PASS=['en', 'pl', 'vi', 'sw'] FAIL=['zh', 'ja', 'ko']
